// Jest Snapshot v1, https://goo.gl/fbAQLP

exports[`TEST TestingComponent renders components 1`] = `
<input
  placeholder="input value..."
  type="text"
/>
`;
